<html>
<body>
<pre>
<h1>µVision Build Log</h1>
<h2>Project:</h2>
C:\Users\malas\OneDrive\Pulpit\WZPSW\mtm_wzpsw\FreeRTOSv202012.00\FreeRTOSv202012.00\FreeRTOS 4.2.2.7\Demo\ARM7_LPC2129_Keil_RVDS\RTOSDemo.uvproj
Project File Date:  04/11/2021

<h2>Output:</h2>
Rebuild target 'RTOSDemo_THUMB'
assembling Startup.s...
compiling main.c...
compiling tasks.c...
compiling list.c...
compiling queue.c...
compiling port.c...
compiling heap_2.c...
assembling portASM.s...
linking...
.\bin\RTOSDemo.axf: Error: L6218E: Undefined symbol KeyboardInit (referred from main.o).
.\bin\RTOSDemo.axf: Error: L6218E: Undefined symbol ServoCallib (referred from main.o).
.\bin\RTOSDemo.axf: Error: L6218E: Undefined symbol ServoCtr (referred from main.o).
.\bin\RTOSDemo.axf: Error: L6218E: Undefined symbol ServoGoTo (referred from main.o).
.\bin\RTOSDemo.axf: Error: L6218E: Undefined symbol ServoInit (referred from main.o).
.\bin\RTOSDemo.axf: Error: L6218E: Undefined symbol ServoSpeed (referred from main.o).
.\bin\RTOSDemo.axf: Error: L6218E: Undefined symbol eKeyboardRead (referred from main.o).
".\bin\RTOSDemo.axf" - 7 Errors, 0 Warning(s).
Target not created
Rebuild target 'RTOSDemo_THUMB'
assembling Startup.s...
compiling main.c...
compiling servo.c...
compiling led.c...
compiling keyboard.c...
compiling tasks.c...
compiling list.c...
compiling queue.c...
compiling port.c...
compiling heap_2.c...
assembling portASM.s...
linking...
Program Size: Code=9932 RO-data=112 RW-data=120 ZI-data=7992  
FromELF: creating hex file...
".\bin\RTOSDemo.axf" - 0 Errors, 0 Warning(s).
