Archive member included to satisfy reference by file (symbol)

d:/agh/atmel/7.0/toolchain/avr8/avr8-gnu-toolchain/bin/../lib/gcc/avr/5.4.0/../../../../avr/lib/avrxmega6\libm.a(addsf3.o)
                              src/main.o (__subsf3)
d:/agh/atmel/7.0/toolchain/avr8/avr8-gnu-toolchain/bin/../lib/gcc/avr/5.4.0/../../../../avr/lib/avrxmega6\libm.a(addsf3x.o)
                              d:/agh/atmel/7.0/toolchain/avr8/avr8-gnu-toolchain/bin/../lib/gcc/avr/5.4.0/../../../../avr/lib/avrxmega6\libm.a(addsf3.o) (__addsf3x)
d:/agh/atmel/7.0/toolchain/avr8/avr8-gnu-toolchain/bin/../lib/gcc/avr/5.4.0/../../../../avr/lib/avrxmega6\libm.a(divsf3.o)
                              src/main.o (__divsf3)
d:/agh/atmel/7.0/toolchain/avr8/avr8-gnu-toolchain/bin/../lib/gcc/avr/5.4.0/../../../../avr/lib/avrxmega6\libm.a(divsf3x.o)
                              d:/agh/atmel/7.0/toolchain/avr8/avr8-gnu-toolchain/bin/../lib/gcc/avr/5.4.0/../../../../avr/lib/avrxmega6\libm.a(divsf3.o) (__divsf3x)
d:/agh/atmel/7.0/toolchain/avr8/avr8-gnu-toolchain/bin/../lib/gcc/avr/5.4.0/../../../../avr/lib/avrxmega6\libm.a(floatsisf.o)
                              src/main.o (__floatsisf)
d:/agh/atmel/7.0/toolchain/avr8/avr8-gnu-toolchain/bin/../lib/gcc/avr/5.4.0/../../../../avr/lib/avrxmega6\libm.a(fp_inf.o)
                              d:/agh/atmel/7.0/toolchain/avr8/avr8-gnu-toolchain/bin/../lib/gcc/avr/5.4.0/../../../../avr/lib/avrxmega6\libm.a(addsf3x.o) (__fp_inf)
d:/agh/atmel/7.0/toolchain/avr8/avr8-gnu-toolchain/bin/../lib/gcc/avr/5.4.0/../../../../avr/lib/avrxmega6\libm.a(fp_nan.o)
                              d:/agh/atmel/7.0/toolchain/avr8/avr8-gnu-toolchain/bin/../lib/gcc/avr/5.4.0/../../../../avr/lib/avrxmega6\libm.a(addsf3x.o) (__fp_nan)
d:/agh/atmel/7.0/toolchain/avr8/avr8-gnu-toolchain/bin/../lib/gcc/avr/5.4.0/../../../../avr/lib/avrxmega6\libm.a(fp_pscA.o)
                              d:/agh/atmel/7.0/toolchain/avr8/avr8-gnu-toolchain/bin/../lib/gcc/avr/5.4.0/../../../../avr/lib/avrxmega6\libm.a(addsf3x.o) (__fp_pscA)
d:/agh/atmel/7.0/toolchain/avr8/avr8-gnu-toolchain/bin/../lib/gcc/avr/5.4.0/../../../../avr/lib/avrxmega6\libm.a(fp_pscB.o)
                              d:/agh/atmel/7.0/toolchain/avr8/avr8-gnu-toolchain/bin/../lib/gcc/avr/5.4.0/../../../../avr/lib/avrxmega6\libm.a(addsf3x.o) (__fp_pscB)
d:/agh/atmel/7.0/toolchain/avr8/avr8-gnu-toolchain/bin/../lib/gcc/avr/5.4.0/../../../../avr/lib/avrxmega6\libm.a(fp_round.o)
                              d:/agh/atmel/7.0/toolchain/avr8/avr8-gnu-toolchain/bin/../lib/gcc/avr/5.4.0/../../../../avr/lib/avrxmega6\libm.a(addsf3.o) (__fp_round)
d:/agh/atmel/7.0/toolchain/avr8/avr8-gnu-toolchain/bin/../lib/gcc/avr/5.4.0/../../../../avr/lib/avrxmega6\libm.a(fp_split3.o)
                              d:/agh/atmel/7.0/toolchain/avr8/avr8-gnu-toolchain/bin/../lib/gcc/avr/5.4.0/../../../../avr/lib/avrxmega6\libm.a(addsf3x.o) (__fp_split3)
d:/agh/atmel/7.0/toolchain/avr8/avr8-gnu-toolchain/bin/../lib/gcc/avr/5.4.0/../../../../avr/lib/avrxmega6\libm.a(fp_zero.o)
                              d:/agh/atmel/7.0/toolchain/avr8/avr8-gnu-toolchain/bin/../lib/gcc/avr/5.4.0/../../../../avr/lib/avrxmega6\libm.a(addsf3x.o) (__fp_zero)
d:/agh/atmel/7.0/toolchain/avr8/avr8-gnu-toolchain/bin/../lib/gcc/avr/5.4.0/../../../../avr/lib/avrxmega6\libm.a(mulsf3.o)
                              src/main.o (__mulsf3)
d:/agh/atmel/7.0/toolchain/avr8/avr8-gnu-toolchain/bin/../lib/gcc/avr/5.4.0/../../../../avr/lib/avrxmega6\libm.a(mulsf3x.o)
                              d:/agh/atmel/7.0/toolchain/avr8/avr8-gnu-toolchain/bin/../lib/gcc/avr/5.4.0/../../../../avr/lib/avrxmega6\libm.a(mulsf3.o) (__mulsf3x)
d:/agh/atmel/7.0/toolchain/avr8/avr8-gnu-toolchain/bin/../lib/gcc/avr/5.4.0/../../../../avr/lib/avrxmega6\libprintf_flt.a(vfprintf_flt.o)
                              (vfprintf)
d:/agh/atmel/7.0/toolchain/avr8/avr8-gnu-toolchain/bin/../lib/gcc/avr/5.4.0/avrxmega6\libgcc.a(_udivmodsi4.o)
                              src/ASF/xmega/drivers/usart/usart.o (__udivmodsi4)
d:/agh/atmel/7.0/toolchain/avr8/avr8-gnu-toolchain/bin/../lib/gcc/avr/5.4.0/avrxmega6\libgcc.a(_exit.o)
                              D:/AGH/Atmel/7.0/Packs/atmel/XMEGAA_DFP/1.2.141/gcc/dev/atxmega256a3bu/avrxmega6/crtatxmega256a3bu.o (exit)
d:/agh/atmel/7.0/toolchain/avr8/avr8-gnu-toolchain/bin/../lib/gcc/avr/5.4.0/avrxmega6\libgcc.a(_copy_data.o)
                              src/ASF/common/services/sleepmgr/xmega/sleepmgr.o (__do_copy_data)
d:/agh/atmel/7.0/toolchain/avr8/avr8-gnu-toolchain/bin/../lib/gcc/avr/5.4.0/avrxmega6\libgcc.a(_clear_bss.o)
                              src/ASF/common/utils/stdio/read.o (__do_clear_bss)
d:/agh/atmel/7.0/toolchain/avr8/avr8-gnu-toolchain/bin/../lib/gcc/avr/5.4.0/../../../../avr/lib/avrxmega6\libc.a(ftoa_engine.o)
                              d:/agh/atmel/7.0/toolchain/avr8/avr8-gnu-toolchain/bin/../lib/gcc/avr/5.4.0/../../../../avr/lib/avrxmega6\libprintf_flt.a(vfprintf_flt.o) (__ftoa_engine)
[...]
Memory Configuration

Name             Origin             Length             Attributes
text             0x00000000         0x00042000         xr
data             0x00802000         0x00004000         rw !x
eeprom           0x00810000         0x00001000         rw !x
fuse             0x00820000         0x00000006         rw !x
lock             0x00830000         0x00000400         rw !x
signature        0x00840000         0x00000400         rw !x
user_signatures  0x00850000         0x00000400         rw !x
*default*        0x00000000         0xffffffff

Linker script and memory map

LOAD D:/AGH/Atmel/7.0/Packs/atmel/XMEGAA_DFP/1.2.141/gcc/dev/atxmega256a3bu/avrxmega6/crtatxmega256a3bu.o
LOAD src/ASF/common/utils/stdio/read.o
LOAD src/ASF/xmega/drivers/adc/adc.o
LOAD src/ASF/xmega/drivers/usart/usart.o
LOAD src/ASF/xmega/drivers/adc/xmega_aau/adc_aau.o
LOAD src/ASF/common/utils/stdio/write.o
LOAD src/ASF/common/services/sleepmgr/xmega/sleepmgr.o
LOAD src/ASF/common/services/serial/usart_serial.o
LOAD src/ASF/common/services/ioport/xmega/ioport_compat.o
LOAD src/ASF/common/services/clock/xmega/sysclk.o
LOAD src/ASF/xmega/drivers/nvm/nvm.o
LOAD src/ASF/xmega/drivers/nvm/nvm_asm.o
LOAD src/ASF/xmega/drivers/cpu/ccp.o
LOAD src/ASF/common/boards/user_board/init.o
LOAD src/main.o
START GROUP
LOAD d:/agh/atmel/7.0/toolchain/avr8/avr8-gnu-toolchain/bin/../lib/gcc/avr/5.4.0/../../../../avr/lib/avrxmega6\libm.a
END GROUP
LOAD d:/agh/atmel/7.0/toolchain/avr8/avr8-gnu-toolchain/bin/../lib/gcc/avr/5.4.0/../../../../avr/lib/avrxmega6\libprintf_flt.a
START GROUP
LOAD d:/agh/atmel/7.0/toolchain/avr8/avr8-gnu-toolchain/bin/../lib/gcc/avr/5.4.0/avrxmega6\libgcc.a
LOAD d:/agh/atmel/7.0/toolchain/avr8/avr8-gnu-toolchain/bin/../lib/gcc/avr/5.4.0/../../../../avr/lib/avrxmega6\libm.a
LOAD d:/agh/atmel/7.0/toolchain/avr8/avr8-gnu-toolchain/bin/../lib/gcc/avr/5.4.0/../../../../avr/lib/avrxmega6\libc.a
LOAD D:/AGH/Atmel/7.0/Packs/atmel/XMEGAA_DFP/1.2.141/gcc/dev/atxmega256a3bu/avrxmega6\libatxmega256a3bu.a
END GROUP
                [0x00000000]                __TEXT_REGION_ORIGIN__ = DEFINED (__TEXT_REGION_ORIGIN__)?__TEXT_REGION_ORIGIN__:0x0
                [0x00802000]                __DATA_REGION_ORIGIN__ = DEFINED (__DATA_REGION_ORIGIN__)?__DATA_REGION_ORIGIN__:0x802000
                [0x00042000]                __TEXT_REGION_LENGTH__ = DEFINED (__TEXT_REGION_LENGTH__)?__TEXT_REGION_LENGTH__:0x100000
                [0x00004000]                __DATA_REGION_LENGTH__ = DEFINED (__DATA_REGION_LENGTH__)?__DATA_REGION_LENGTH__:0xffa0
                [0x00001000]                __EEPROM_REGION_LENGTH__ = DEFINED (__EEPROM_REGION_LENGTH__)?__EEPROM_REGION_LENGTH__:0x10000
                [0x00000006]                __FUSE_REGION_LENGTH__ = DEFINED (__FUSE_REGION_LENGTH__)?__FUSE_REGION_LENGTH__:0x400
                0x00000400                __LOCK_REGION_LENGTH__ = DEFINED (__LOCK_REGION_LENGTH__)?__LOCK_REGION_LENGTH__:0x400
                0x00000400                __SIGNATURE_REGION_LENGTH__ = DEFINED (__SIGNATURE_REGION_LENGTH__)?__SIGNATURE_REGION_LENGTH__:0x400
                0x00000400                __USER_SIGNATURE_REGION_LENGTH__ = DEFINED (__USER_SIGNATURE_REGION_LENGTH__)?__USER_SIGNATURE_REGION_LENGTH__:0x400

.hash
 *(.hash)

.dynsym
 *(.dynsym)

.dynstr
 *(.dynstr)

.gnu.version
 *(.gnu.version)

.gnu.version_d
 *(.gnu.version_d)

.gnu.version_r
 *(.gnu.version_r)

.rel.init
 *(.rel.init)

.rela.init
 *(.rela.init)

.rel.text
 *(.rel.text)
 *(.rel.text.*)
 *(.rel.gnu.linkonce.t*)

.rela.text
 *(.rela.text)
 *(.rela.text.*)
 *(.rela.gnu.linkonce.t*)

.rel.fini
 *(.rel.fini)

.rela.fini
 *(.rela.fini)

.rel.rodata
 *(.rel.rodata)
 *(.rel.rodata.*)
 *(.rel.gnu.linkonce.r*)

.rela.rodata
 *(.rela.rodata)
 *(.rela.rodata.*)
 *(.rela.gnu.linkonce.r*)

.rel.data
 *(.rel.data)
 *(.rel.data.*)
 *(.rel.gnu.linkonce.d*)

.rela.data
 *(.rela.data)
 *(.rela.data.*)
 *(.rela.gnu.linkonce.d*)

.rel.ctors
 *(.rel.ctors)

.rela.ctors
 *(.rela.ctors)

.rel.dtors
 *(.rel.dtors)

.rela.dtors
 *(.rela.dtors)

.rel.got
 *(.rel.got)

.rela.got
 *(.rela.got)

.rel.bss
 *(.rel.bss)

.rela.bss
 *(.rela.bss)

.rel.plt
 *(.rel.plt)

.rela.plt
 *(.rela.plt)

.text           0x00000000     0x2906
 *(.vectors)
 .vectors       0x00000000      0x1fc D:/AGH/Atmel/7.0/Packs/atmel/XMEGAA_DFP/1.2.141/gcc/dev/atxmega256a3bu/avrxmega6/crtatxmega256a3bu.o
                0x00000000                __vector_default
                0x00000000                __vectors
 *(.vectors)
 *(.progmem.gcc*)
                0x000001fc                . = ALIGN (0x2)
                0x000001fc                __trampolines_start = .
 *(.trampolines)
 .trampolines   0x000001fc        0x0 linker stubs
 *(.trampolines*)
                0x000001fc                __trampolines_end = .
 *libprintf_flt.a:*(.progmem.data)
 .progmem.data  0x000001fc        0x8 d:/agh/atmel/7.0/toolchain/avr8/avr8-gnu-toolchain/bin/../lib/gcc/avr/5.4.0/../../../../avr/lib/avrxmega6\libprintf_flt.a(vfprintf_flt.o)
 *libc.a:*(.progmem.data)
 .progmem.data  0x00000204       0xfa d:/agh/atmel/7.0/toolchain/avr8/avr8-gnu-toolchain/bin/../lib/gcc/avr/5.4.0/../../../../avr/lib/avrxmega6\libc.a(ftoa_engine.o)
 .progmem.data  0x000002fe        0xc d:/agh/atmel/7.0/toolchain/avr8/avr8-gnu-toolchain/bin/../lib/gcc/avr/5.4.0/../../../../avr/lib/avrxmega6\libc.a(vfscanf_std.o)
 *(.progmem*)
                0x0000030a                . = ALIGN (0x2)
 *(.jumptables)
 *(.jumptables*)
 *(.lowtext)
 *(.lowtext*)
                0x0000030a                __ctors_start = .
 *(.ctors)
                0x0000030a                __ctors_end = .
                0x0000030a                __dtors_start = .
 *(.dtors)
                0x0000030a                __dtors_end = .
 SORT(*)(.ctors)
 SORT(*)(.dtors)
 *(.init0)
 .init0         0x0000030a        0x0 D:/AGH/Atmel/7.0/Packs/atmel/XMEGAA_DFP/1.2.141/gcc/dev/atxmega256a3bu/avrxmega6/crtatxmega256a3bu.o
                0x0000030a                __init
 *(.init0)
 *(.init1)
 *(.init1)
 *(.init2)
 .init2         0x0000030a       0x10 D:/AGH/Atmel/7.0/Packs/atmel/XMEGAA_DFP/1.2.141/gcc/dev/atxmega256a3bu/avrxmega6/crtatxmega256a3bu.o
 *(.init2)
 *(.init3)
 *(.init3)
 *(.init4)
 .init4         0x0000031a       0x1a d:/agh/atmel/7.0/toolchain/avr8/avr8-gnu-toolchain/bin/../lib/gcc/avr/5.4.0/avrxmega6\libgcc.a(_copy_data.o)
                0x0000031a                __do_copy_data
 .init4         0x00000334       0x10 d:/agh/atmel/7.0/toolchain/avr8/avr8-gnu-toolchain/bin/../lib/gcc/avr/5.4.0/avrxmega6\libgcc.a(_clear_bss.o)
                0x00000334                __do_clear_bss
 *(.init4)
 *(.init5)
 *(.init5)
 *(.init6)
 *(.init6)
 *(.init7)
 *(.init7)
 *(.init8)
 *(.init8)
 *(.init9)
 .init9         0x00000344        0x6 D:/AGH/Atmel/7.0/Packs/atmel/XMEGAA_DFP/1.2.141/gcc/dev/atxmega256a3bu/avrxmega6/crtatxmega256a3bu.o
 *(.init9)
 *(.text)
 .text          0x0000034a        0x2 D:/AGH/Atmel/7.0/Packs/atmel/XMEGAA_DFP/1.2.141/gcc/dev/atxmega256a3bu/avrxmega6/crtatxmega256a3bu.o
                0x0000034a                __vector_38
                0x0000034a                __vector_104
                0x0000034a                __vector_22
                0x0000034a                __vector_63
                0x0000034a                __vector_28
                0x0000034a                __vector_67
                0x0000034a                __vector_1
                0x0000034a                __vector_119
                0x0000034a                __vector_32
                0x0000034a                __vector_75
                0x0000034a                __vector_91
                0x0000034a                __vector_34
                0x0000034a                __vector_62
                0x0000034a                __vector_77
                0x0000034a                __vector_102
                0x0000034a                __vector_24
                0x0000034a                __vector_12
                0x0000034a                __vector_55
                0x0000034a                __vector_69
                0x0000034a                __vector_81
                0x0000034a                __vector_90
                0x0000034a                __vector_46
                0x0000034a                __bad_interrupt
                0x0000034a                __vector_122
                0x0000034a                __vector_114
                0x0000034a                __vector_6
                0x0000034a                __vector_110
                0x0000034a                __vector_31
                0x0000034a                __vector_92
                0x0000034a                __vector_35
                0x0000034a                __vector_78
                0x0000034a                __vector_117
                0x0000034a                __vector_107
                0x0000034a                __vector_3
                0x0000034a                __vector_105
                0x0000034a                __vector_98
                0x0000034a                __vector_23
                0x0000034a                __vector_68
                0x0000034a                __vector_30
                0x0000034a                __vector_45
                0x0000034a                __vector_25
                0x0000034a                __vector_93
                0x0000034a                __vector_61
                0x0000034a                __vector_11
                0x0000034a                __vector_54
                0x0000034a                __vector_99
                0x0000034a                __vector_13
                0x0000034a                __vector_17
                0x0000034a                __vector_19
                0x0000034a                __vector_56
                0x0000034a                __vector_7
                0x0000034a                __vector_125
                0x0000034a                __vector_49
                0x0000034a                __vector_123
                0x0000034a                __vector_86
                0x0000034a                __vector_100
                0x0000034a                __vector_101
                0x0000034a                __vector_64
                0x0000034a                __vector_88
                0x0000034a                __vector_109
                0x0000034a                __vector_43
                0x0000034a                __vector_27
                0x0000034a                __vector_5
                0x0000034a                __vector_113
                0x0000034a                __vector_33
                0x0000034a                __vector_76
                0x0000034a                __vector_115
                0x0000034a                __vector_47
                0x0000034a                __vector_52
                0x0000034a                __vector_37
                0x0000034a                __vector_95
                0x0000034a                __vector_103
                0x0000034a                __vector_96
                0x0000034a                __vector_89
                0x0000034a                __vector_108
                0x0000034a                __vector_4
                0x0000034a                __vector_44
                0x0000034a                __vector_82
                0x0000034a                __vector_106
                0x0000034a                __vector_118
                0x0000034a                __vector_51
                0x0000034a                __vector_9
                0x0000034a                __vector_2
                0x0000034a                __vector_21
                0x0000034a                __vector_15
                0x0000034a                __vector_66
                0x0000034a                __vector_36
                0x0000034a                __vector_79
                0x0000034a                __vector_58
                0x0000034a                __vector_70
                0x0000034a                __vector_83
                0x0000034a                __vector_29
                0x0000034a                __vector_60
                0x0000034a                __vector_121
                0x0000034a                __vector_85
                0x0000034a                __vector_94
                0x0000034a                __vector_126
                0x0000034a                __vector_8
                0x0000034a                __vector_26
                0x0000034a                __vector_48
                0x0000034a                __vector_124
                0x0000034a                __vector_116
                0x0000034a                __vector_112
                0x0000034a                __vector_111
                0x0000034a                __vector_80
                0x0000034a                __vector_14
                0x0000034a                __vector_84
                0x0000034a                __vector_57
                0x0000034a                __vector_53
                0x0000034a                __vector_10
                0x0000034a                __vector_50
                0x0000034a                __vector_16
                0x0000034a                __vector_59
                0x0000034a                __vector_18
                0x0000034a                __vector_97
                0x0000034a                __vector_20
                0x0000034a                __vector_87
                0x0000034a                __vector_65
                0x0000034a                __vector_120
                0x0000034c                . = ALIGN (0x2)
 *(.text.*)
 .text._read    0x0000034c       0x32 src/ASF/common/utils/stdio/read.o
                0x0000034c                _read
 .text.adc_enable_clock
                0x0000037e       0x3e src/ASF/xmega/drivers/adc/adc.o
                0x0000037e                adc_enable_clock
 .text.adc_disable_clock
                0x000003bc       0x3a src/ASF/xmega/drivers/adc/adc.o
                0x000003bc                adc_disable_clock
 .text.adc_enable
                0x000003f6       0x58 src/ASF/xmega/drivers/adc/adc.o
                0x000003f6                adc_enable
 .text.usart_putchar
                0x0000044e       0x10 src/ASF/xmega/drivers/usart/usart.o
                0x0000044e                usart_putchar
 .text.usart_getchar
                0x0000045e        0xc src/ASF/xmega/drivers/usart/usart.o
                0x0000045e                usart_getchar
 .text.usart_set_baudrate
                0x0000046a      0x226 src/ASF/xmega/drivers/usart/usart.o
                0x0000046a                usart_set_baudrate
 .text.usart_init_rs232
                0x00000690      0x222 src/ASF/xmega/drivers/usart/usart.o
                0x00000690                usart_init_rs232
 .text.__vector_71
                0x000008b2       0x64 src/ASF/xmega/drivers/adc/xmega_aau/adc_aau.o
                0x000008b2                __vector_71
 .text.__vector_72
                0x00000916       0x64 src/ASF/xmega/drivers/adc/xmega_aau/adc_aau.o
                0x00000916                __vector_72
 .text.__vector_73
                0x0000097a       0x64 src/ASF/xmega/drivers/adc/xmega_aau/adc_aau.o
                0x0000097a                __vector_73
 .text.__vector_74
                0x000009de       0x64 src/ASF/xmega/drivers/adc/xmega_aau/adc_aau.o
                0x000009de                __vector_74
 .text.__vector_39
                0x00000a42       0x64 src/ASF/xmega/drivers/adc/xmega_aau/adc_aau.o
                0x00000a42                __vector_39
 .text.__vector_40
                0x00000aa6       0x64 src/ASF/xmega/drivers/adc/xmega_aau/adc_aau.o
                0x00000aa6                __vector_40
 .text.__vector_41
                0x00000b0a       0x64 src/ASF/xmega/drivers/adc/xmega_aau/adc_aau.o
                0x00000b0a                __vector_41
 .text.__vector_42
                0x00000b6e       0x64 src/ASF/xmega/drivers/adc/xmega_aau/adc_aau.o
                0x00000b6e                __vector_42
 .text.adc_write_configuration
                0x00000bd2       0xcc src/ASF/xmega/drivers/adc/xmega_aau/adc_aau.o
                0x00000bd2                adc_write_configuration
 .text.adc_read_configuration
                0x00000c9e       0x72 src/ASF/xmega/drivers/adc/xmega_aau/adc_aau.o
                0x00000c9e                adc_read_configuration
 .text.adcch_write_configuration
                0x00000d10       0x96 src/ASF/xmega/drivers/adc/xmega_aau/adc_aau.o
                0x00000d10                adcch_write_configuration
 .text.adcch_read_configuration
                0x00000da6       0x96 src/ASF/xmega/drivers/adc/xmega_aau/adc_aau.o
                0x00000da6                adcch_read_configuration
 .text._write   0x00000e3c       0x24 src/ASF/common/utils/stdio/write.o
                0x00000e3c                _write
 .text.sysclk_init
                0x00000e60       0x20 src/ASF/common/services/clock/xmega/sysclk.o
                0x00000e60                sysclk_init
 .text.sysclk_enable_module
                0x00000e80       0x2c src/ASF/common/services/clock/xmega/sysclk.o
                0x00000e80                sysclk_enable_module
 .text.sysclk_disable_module
                0x00000eac       0x2a src/ASF/common/services/clock/xmega/sysclk.o
                0x00000eac                sysclk_disable_module
 .text.nvm_read_byte
                0x00000ed6       0x14 src/ASF/xmega/drivers/nvm/nvm_asm.o
                0x00000ed6                nvm_read_byte
 .text.usart_serial_getchar
                0x00000eea       0x10 src/main.o
 .text.usart_serial_putchar
                0x00000efa        0x4 src/main.o
 .text.main     0x00000efe      0x204 src/main.o
                0x00000efe                main
 .text.avr-libc.fplib
                0x00001102        0xa d:/agh/atmel/7.0/toolchain/avr8/avr8-gnu-toolchain/bin/../lib/gcc/avr/5.4.0/../../../../avr/lib/avrxmega6\libm.a(addsf3.o)
                0x00001102                __subsf3
                0x00001104                __addsf3
 .text.avr-libc.fplib
                0x0000110c       0xc0 d:/agh/atmel/7.0/toolchain/avr8/avr8-gnu-toolchain/bin/../lib/gcc/avr/5.4.0/../../../../avr/lib/avrxmega6\libm.a(addsf3x.o)
                0x00001126                __addsf3x
 .text.avr-libc.fplib
                0x000011cc        0x4 d:/agh/atmel/7.0/toolchain/avr8/avr8-gnu-toolchain/bin/../lib/gcc/avr/5.4.0/../../../../avr/lib/avrxmega6\libm.a(divsf3.o)
                0x000011cc                __divsf3
 .text.avr-libc.fplib
                0x000011d0       0xcc d:/agh/atmel/7.0/toolchain/avr8/avr8-gnu-toolchain/bin/../lib/gcc/avr/5.4.0/../../../../avr/lib/avrxmega6\libm.a(divsf3x.o)
                0x000011e6                __divsf3x
                0x000011ea                __divsf3_pse
 .text.avr-libc.fplib
                0x0000129c       0x7a d:/agh/atmel/7.0/toolchain/avr8/avr8-gnu-toolchain/bin/../lib/gcc/avr/5.4.0/../../../../avr/lib/avrxmega6\libm.a(floatsisf.o)
                0x0000129c                __floatunsisf
                0x000012a0                __floatsisf
 .text.avr-libc.fplib
                0x00001316        0xc d:/agh/atmel/7.0/toolchain/avr8/avr8-gnu-toolchain/bin/../lib/gcc/avr/5.4.0/../../../../avr/lib/avrxmega6\libm.a(fp_inf.o)
                0x00001316                __fp_inf
 .text.avr-libc.fplib
                0x00001322        0x6 d:/agh/atmel/7.0/toolchain/avr8/avr8-gnu-toolchain/bin/../lib/gcc/avr/5.4.0/../../../../avr/lib/avrxmega6\libm.a(fp_nan.o)
                0x00001322                __fp_nan
 .text.avr-libc.fplib
                0x00001328        0xe d:/agh/atmel/7.0/toolchain/avr8/avr8-gnu-toolchain/bin/../lib/gcc/avr/5.4.0/../../../../avr/lib/avrxmega6\libm.a(fp_pscA.o)
                0x00001328                __fp_pscA
 .text.avr-libc.fplib
                0x00001336        0xe d:/agh/atmel/7.0/toolchain/avr8/avr8-gnu-toolchain/bin/../lib/gcc/avr/5.4.0/../../../../avr/lib/avrxmega6\libm.a(fp_pscB.o)
                0x00001336                __fp_pscB
 .text.avr-libc.fplib
                0x00001344       0x22 d:/agh/atmel/7.0/toolchain/avr8/avr8-gnu-toolchain/bin/../lib/gcc/avr/5.4.0/../../../../avr/lib/avrxmega6\libm.a(fp_round.o)
                0x00001344                __fp_round
 .text.avr-libc.fplib
                0x00001366       0x44 d:/agh/atmel/7.0/toolchain/avr8/avr8-gnu-toolchain/bin/../lib/gcc/avr/5.4.0/../../../../avr/lib/avrxmega6\libm.a(fp_split3.o)
                0x00001366                __fp_split3
                0x00001376                __fp_splitA
 .text.avr-libc.fplib
                0x000013aa        0xe d:/agh/atmel/7.0/toolchain/avr8/avr8-gnu-toolchain/bin/../lib/gcc/avr/5.4.0/../../../../avr/lib/avrxmega6\libm.a(fp_zero.o)
                0x000013aa                __fp_zero
                0x000013ac                __fp_szero
 .text.avr-libc.fplib
                0x000013b8        0x4 d:/agh/atmel/7.0/toolchain/avr8/avr8-gnu-toolchain/bin/../lib/gcc/avr/5.4.0/../../../../avr/lib/avrxmega6\libm.a(mulsf3.o)
                0x000013b8                __mulsf3
 .text.avr-libc.fplib
                0x000013bc       0xc2 d:/agh/atmel/7.0/toolchain/avr8/avr8-gnu-toolchain/bin/../lib/gcc/avr/5.4.0/../../../../avr/lib/avrxmega6\libm.a(mulsf3x.o)
                0x000013d0                __mulsf3x
                0x000013d4                __mulsf3_pse
 .text.avr-libc
                0x0000147e      0x706 d:/agh/atmel/7.0/toolchain/avr8/avr8-gnu-toolchain/bin/../lib/gcc/avr/5.4.0/../../../../avr/lib/avrxmega6\libprintf_flt.a(vfprintf_flt.o)
                0x0000147e                vfprintf
 .text.libgcc.div
                0x00001b84       0x44 d:/agh/atmel/7.0/toolchain/avr8/avr8-gnu-toolchain/bin/../lib/gcc/avr/5.4.0/avrxmega6\libgcc.a(_udivmodsi4.o)
                0x00001b84                __udivmodsi4
 .text.avr-libc
                0x00001bc8      0x1b0 d:/agh/atmel/7.0/toolchain/avr8/avr8-gnu-toolchain/bin/../lib/gcc/avr/5.4.0/../../../../avr/lib/avrxmega6\libc.a(ftoa_engine.o)
                0x00001bc8                __ftoa_engine
 .text.avr-libc
                0x00001d78       0x16 d:/agh/atmel/7.0/toolchain/avr8/avr8-gnu-toolchain/bin/../lib/gcc/avr/5.4.0/../../../../avr/lib/avrxmega6\libc.a(strnlen_P.o)
                0x00001d78                strnlen_P
 .text.avr-libc
                0x00001d8e       0x16 d:/agh/atmel/7.0/toolchain/avr8/avr8-gnu-toolchain/bin/../lib/gcc/avr/5.4.0/../../../../avr/lib/avrxmega6\libc.a(strchr.o)
                0x00001d8e                strchr
 .text.avr-libc
                0x00001da4       0x16 d:/agh/atmel/7.0/toolchain/avr8/avr8-gnu-toolchain/bin/../lib/gcc/avr/5.4.0/../../../../avr/lib/avrxmega6\libc.a(strnlen.o)
                0x00001da4                strnlen
 .text.avr-libc
                0x00001dba       0x94 d:/agh/atmel/7.0/toolchain/avr8/avr8-gnu-toolchain/bin/../lib/gcc/avr/5.4.0/../../../../avr/lib/avrxmega6\libc.a(fdevopen.o)
                0x00001dba                fdevopen
 .text.avr-libc
                0x00001e4e       0x78 d:/agh/atmel/7.0/toolchain/avr8/avr8-gnu-toolchain/bin/../lib/gcc/avr/5.4.0/../../../../avr/lib/avrxmega6\libc.a(fputc.o)
                0x00001e4e                fputc
 .text.avr-libc
                0x00001ec6       0x26 d:/agh/atmel/7.0/toolchain/avr8/avr8-gnu-toolchain/bin/../lib/gcc/avr/5.4.0/../../../../avr/lib/avrxmega6\libc.a(printf.o)
                0x00001ec6                printf
 .text.avr-libc
                0x00001eec       0x26 d:/agh/atmel/7.0/toolchain/avr8/avr8-gnu-toolchain/bin/../lib/gcc/avr/5.4.0/../../../../avr/lib/avrxmega6\libc.a(scanf.o)
                0x00001eec                scanf
 .text.avr-libc
                0x00001f12       0x50 d:/agh/atmel/7.0/toolchain/avr8/avr8-gnu-toolchain/bin/../lib/gcc/avr/5.4.0/../../../../avr/lib/avrxmega6\libc.a(sprintf.o)
                0x00001f12                sprintf
 .text.avr-libc
                0x00001f62       0xbc d:/agh/atmel/7.0/toolchain/avr8/avr8-gnu-toolchain/bin/../lib/gcc/avr/5.4.0/../../../../avr/lib/avrxmega6\libc.a(ultoa_invert.o)
                0x00001f62                __ultoa_invert
 .text.avr-libc
                0x0000201e      0x586 d:/agh/atmel/7.0/toolchain/avr8/avr8-gnu-toolchain/bin/../lib/gcc/avr/5.4.0/../../../../avr/lib/avrxmega6\libc.a(vfscanf_std.o)
                0x00002376                vfscanf
 .text.avr-libc
                0x000025a4       0x34 d:/agh/atmel/7.0/toolchain/avr8/avr8-gnu-toolchain/bin/../lib/gcc/avr/5.4.0/../../../../avr/lib/avrxmega6\libc.a(calloc.o)
                0x000025a4                calloc
 .text.avr-libc
                0x000025d8      0x242 d:/agh/atmel/7.0/toolchain/avr8/avr8-gnu-toolchain/bin/../lib/gcc/avr/5.4.0/../../../../avr/lib/avrxmega6\libc.a(malloc.o)
                0x000025d8                malloc
                0x00002708                free
 .text.avr-libc
                0x0000281a       0x10 d:/agh/atmel/7.0/toolchain/avr8/avr8-gnu-toolchain/bin/../lib/gcc/avr/5.4.0/../../../../avr/lib/avrxmega6\libc.a(isspace.o)
                0x0000281a                isspace
 .text.avr-libc
                0x0000282a       0x16 d:/agh/atmel/7.0/toolchain/avr8/avr8-gnu-toolchain/bin/../lib/gcc/avr/5.4.0/../../../../avr/lib/avrxmega6\libc.a(strchr_P.o)
                0x0000282a                strchr_P
 .text.avr-libc
                0x00002840        0xe d:/agh/atmel/7.0/toolchain/avr8/avr8-gnu-toolchain/bin/../lib/gcc/avr/5.4.0/../../../../avr/lib/avrxmega6\libc.a(memset.o)
                0x00002840                memset
 .text.avr-libc
                0x0000284e       0x7c d:/agh/atmel/7.0/toolchain/avr8/avr8-gnu-toolchain/bin/../lib/gcc/avr/5.4.0/../../../../avr/lib/avrxmega6\libc.a(fgetc.o)
                0x0000284e                fgetc
 .text.avr-libc
                0x000028ca       0x32 d:/agh/atmel/7.0/toolchain/avr8/avr8-gnu-toolchain/bin/../lib/gcc/avr/5.4.0/../../../../avr/lib/avrxmega6\libc.a(ungetc.o)
                0x000028ca                ungetc
 .text.avr-libc
                0x000028fc        0x6 d:/agh/atmel/7.0/toolchain/avr8/avr8-gnu-toolchain/bin/../lib/gcc/avr/5.4.0/../../../../avr/lib/avrxmega6\libc.a(cty_isfalse.o)
                0x000028fc                __ctype_isfalse
                0x00002900                __ctype_istrue
                0x00002902                . = ALIGN (0x2)
 *(.fini9)
 .fini9         0x00002902        0x0 d:/agh/atmel/7.0/toolchain/avr8/avr8-gnu-toolchain/bin/../lib/gcc/avr/5.4.0/avrxmega6\libgcc.a(_exit.o)
                0x00002902                _exit
                0x00002902                exit
 *(.fini9)
 *(.fini8)
 *(.fini8)
 *(.fini7)
 *(.fini7)
 *(.fini6)
 *(.fini6)
 *(.fini5)
 *(.fini5)
 *(.fini4)
 *(.fini4)
 *(.fini3)
 *(.fini3)
 *(.fini2)
 *(.fini2)
 *(.fini1)
 *(.fini1)
 *(.fini0)
 .fini0         0x00002902        0x4 d:/agh/atmel/7.0/toolchain/avr8/avr8-gnu-toolchain/bin/../lib/gcc/avr/5.4.0/avrxmega6\libgcc.a(_exit.o)
 *(.fini0)
                0x00002906                _etext = .

.data           0x00802000       0x1c load address 0x00002906
                0x00802000                PROVIDE (__data_start, .)
 *(.data)
 .data          0x00802000        0x6 d:/agh/atmel/7.0/toolchain/avr8/avr8-gnu-toolchain/bin/../lib/gcc/avr/5.4.0/../../../../avr/lib/avrxmega6\libc.a(malloc.o)
                0x00802000                __malloc_heap_end
                0x00802002                __malloc_heap_start
                0x00802004                __malloc_margin
 *(.data*)
 .data.USART_SERIAL_OPTIONS.5625
                0x00802006        0x7 src/main.o
 *(.gnu.linkonce.d*)
 *(.rodata)
 *(.rodata*)
 .rodata.str1.1
                0x0080200d        0xe src/main.o
 *(.gnu.linkonce.r*)
                0x0080201c                . = ALIGN (0x2)
 *fill*         0x0080201b        0x1 
                0x0080201c                _edata = .
                0x0080201c                PROVIDE (__data_end, .)

.bss            0x0080201c       0x1c
                0x0080201c                PROVIDE (__bss_start, .)
 *(.bss)
 *(.bss*)
 .bss.adcb_enable_count
                0x0080201c        0x1 src/ASF/xmega/drivers/adc/adc.o
 .bss.adca_enable_count
                0x0080201d        0x1 src/ASF/xmega/drivers/adc/adc.o
 *(COMMON)
 COMMON         0x0080201e        0x2 src/ASF/common/utils/stdio/read.o
                0x0080201e                ptr_get
 COMMON         0x00802020        0x4 src/ASF/xmega/drivers/adc/adc.o
                0x00802020                adcb_callback
                0x00802022                adca_callback
 COMMON         0x00802024        0x4 src/ASF/common/utils/stdio/write.o
                0x00802024                ptr_put
                0x00802026                stdio_base
 COMMON         0x00802028        0x6 src/ASF/common/services/sleepmgr/xmega/sleepmgr.o
                0x00802028                sleepmgr_locks
 COMMON         0x0080202e        0x6 d:/agh/atmel/7.0/toolchain/avr8/avr8-gnu-toolchain/bin/../lib/gcc/avr/5.4.0/../../../../avr/lib/avrxmega6\libc.a(iob.o)
                0x0080202e                __iob
 COMMON         0x00802034        0x4 d:/agh/atmel/7.0/toolchain/avr8/avr8-gnu-toolchain/bin/../lib/gcc/avr/5.4.0/../../../../avr/lib/avrxmega6\libc.a(malloc.o)
                0x00802034                __brkval
                0x00802036                __flp
                0x00802038                PROVIDE (__bss_end, .)
                0x00002906                __data_load_start = LOADADDR (.data)
                0x00002922                __data_load_end = (__data_load_start + SIZEOF (.data))

.noinit         0x00802038        0x0
                [!provide]                PROVIDE (__noinit_start, .)
 *(.noinit*)
                [!provide]                PROVIDE (__noinit_end, .)
                0x00802038                _end = .
                0x00802038                PROVIDE (__heap_start, .)

.eeprom         0x00810000        0x0
 *(.eeprom*)
                0x00810000                __eeprom_end = .

.fuse
 *(.fuse)
 *(.lfuse)
 *(.hfuse)
 *(.efuse)

.lock
 *(.lock*)

.signature
 *(.signature*)

.user_signatures
 *(.user_signatures*)

.stab
 *(.stab)

.stabstr
 *(.stabstr)

.stab.excl
 *(.stab.excl)

.stab.exclstr
 *(.stab.exclstr)

.stab.index
 *(.stab.index)

.stab.indexstr
 *(.stab.indexstr)

.comment        0x00000000       0x5c
 *(.comment)
 .comment       0x00000000       0x30 src/ASF/common/utils/stdio/read.o
                                 0x31 (size before relaxing)
 .comment       0x00000030       0x31 src/ASF/xmega/drivers/adc/adc.o
 .comment       0x00000030       0x31 src/ASF/xmega/drivers/usart/usart.o
 .comment       0x00000030       0x31 src/ASF/xmega/drivers/adc/xmega_aau/adc_aau.o
 .comment       0x00000030       0x31 src/ASF/common/utils/stdio/write.o
 .comment       0x00000030       0x31 src/ASF/common/services/sleepmgr/xmega/sleepmgr.o
 .comment       0x00000030       0x31 src/ASF/common/services/clock/xmega/sysclk.o
 .comment       0x00000030       0x31 src/main.o
 .comment       0x00000030       0x2c d:/agh/atmel/7.0/toolchain/avr8/avr8-gnu-toolchain/bin/../lib/gcc/avr/5.4.0/../../../../avr/lib/avrxmega6\libprintf_flt.a(vfprintf_flt.o)
                                 0x2d (size before relaxing)
 .comment       0x0000005c       0x31 d:/agh/atmel/7.0/toolchain/avr8/avr8-gnu-toolchain/bin/../lib/gcc/avr/5.4.0/../../../../avr/lib/avrxmega6\libc.a(fdevopen.o)
 .comment       0x0000005c       0x31 d:/agh/atmel/7.0/toolchain/avr8/avr8-gnu-toolchain/bin/../lib/gcc/avr/5.4.0/../../../../avr/lib/avrxmega6\libc.a(fputc.o)
 .comment       0x0000005c       0x31 d:/agh/atmel/7.0/toolchain/avr8/avr8-gnu-toolchain/bin/../lib/gcc/avr/5.4.0/../../../../avr/lib/avrxmega6\libc.a(iob.o)
 .comment       0x0000005c       0x31 d:/agh/atmel/7.0/toolchain/avr8/avr8-gnu-toolchain/bin/../lib/gcc/avr/5.4.0/../../../../avr/lib/avrxmega6\libc.a(printf.o)
 .comment       0x0000005c       0x31 d:/agh/atmel/7.0/toolchain/avr8/avr8-gnu-toolchain/bin/../lib/gcc/avr/5.4.0/../../../../avr/lib/avrxmega6\libc.a(scanf.o)
 .comment       0x0000005c       0x31 d:/agh/atmel/7.0/toolchain/avr8/avr8-gnu-toolchain/bin/../lib/gcc/avr/5.4.0/../../../../avr/lib/avrxmega6\libc.a(sprintf.o)
 .comment       0x0000005c       0x2d d:/agh/atmel/7.0/toolchain/avr8/avr8-gnu-toolchain/bin/../lib/gcc/avr/5.4.0/../../../../avr/lib/avrxmega6\libc.a(vfscanf_std.o)
 .comment       0x0000005c       0x31 d:/agh/atmel/7.0/toolchain/avr8/avr8-gnu-toolchain/bin/../lib/gcc/avr/5.4.0/../../../../avr/lib/avrxmega6\libc.a(calloc.o)
 .comment       0x0000005c       0x31 d:/agh/atmel/7.0/toolchain/avr8/avr8-gnu-toolchain/bin/../lib/gcc/avr/5.4.0/../../../../avr/lib/avrxmega6\libc.a(malloc.o)
 .comment       0x0000005c       0x31 d:/agh/atmel/7.0/toolchain/avr8/avr8-gnu-toolchain/bin/../lib/gcc/avr/5.4.0/../../../../avr/lib/avrxmega6\libc.a(fgetc.o)
 .comment       0x0000005c       0x31 d:/agh/atmel/7.0/toolchain/avr8/avr8-gnu-toolchain/bin/../lib/gcc/avr/5.4.0/../../../../avr/lib/avrxmega6\libc.a(ungetc.o)

.note.gnu.avr.deviceinfo
                0x00000000       0x44
 .note.gnu.avr.deviceinfo
                0x00000000       0x44 D:/AGH/Atmel/7.0/Packs/atmel/XMEGAA_DFP/1.2.141/gcc/dev/atxmega256a3bu/avrxmega6/crtatxmega256a3bu.o

.note.gnu.build-id
 *(.note.gnu.build-id)

.debug
 *(.debug)

.line
 *(.line)

.debug_srcinfo
 *(.debug_srcinfo)

.debug_sfnames
 *(.debug_sfnames)

.debug_aranges  0x00000000      0x208
 *(.debug_aranges)
 .debug_aranges
                0x00000000       0x20 src/ASF/common/utils/stdio/read.o
 .debug_aranges
                0x00000020       0x48 src/ASF/xmega/drivers/adc/adc.o
 .debug_aranges
                0x00000068       0x58 src/ASF/xmega/drivers/usart/usart.o
 .debug_aranges
                0x000000c0       0x78 src/ASF/xmega/drivers/adc/xmega_aau/adc_aau.o
 .debug_aranges
                0x00000138       0x20 src/ASF/common/utils/stdio/write.o
 .debug_aranges
                0x00000158       0x18 src/ASF/common/services/sleepmgr/xmega/sleepmgr.o
 .debug_aranges
                0x00000170       0x40 src/ASF/common/services/clock/xmega/sysclk.o
 .debug_aranges
                0x000001b0       0x28 src/ASF/xmega/drivers/nvm/nvm_asm.o
 .debug_aranges
                0x000001d8       0x30 src/main.o

.debug_pubnames
 *(.debug_pubnames)

.debug_info     0x00000000     0x98f3
 *(.debug_info .gnu.linkonce.wi.*)
 .debug_info    0x00000000     0x3379 D:/AGH/Atmel/7.0/Packs/atmel/XMEGAA_DFP/1.2.141/gcc/dev/atxmega256a3bu/avrxmega6/crtatxmega256a3bu.o
 .debug_info    0x00003379      0x119 src/ASF/common/utils/stdio/read.o
 .debug_info    0x00003492      0xa6a src/ASF/xmega/drivers/adc/adc.o
 .debug_info    0x00003efc     0x2933 src/ASF/xmega/drivers/usart/usart.o
 .debug_info    0x0000682f      0xe75 src/ASF/xmega/drivers/adc/xmega_aau/adc_aau.o
 .debug_info    0x000076a4      0x119 src/ASF/common/utils/stdio/write.o
 .debug_info    0x000077bd      0x129 src/ASF/common/services/sleepmgr/xmega/sleepmgr.o
 .debug_info    0x000078e6      0x727 src/ASF/common/services/clock/xmega/sysclk.o
 .debug_info    0x0000800d       0x93 src/ASF/xmega/drivers/nvm/nvm_asm.o
 .debug_info    0x000080a0     0x1853 src/main.o

.debug_abbrev   0x00000000     0x4296
 *(.debug_abbrev)
 .debug_abbrev  0x00000000     0x30c4 D:/AGH/Atmel/7.0/Packs/atmel/XMEGAA_DFP/1.2.141/gcc/dev/atxmega256a3bu/avrxmega6/crtatxmega256a3bu.o
 .debug_abbrev  0x000030c4       0xc5 src/ASF/common/utils/stdio/read.o
 .debug_abbrev  0x00003189      0x2bd src/ASF/xmega/drivers/adc/adc.o
 .debug_abbrev  0x00003446      0x3f5 src/ASF/xmega/drivers/usart/usart.o
 .debug_abbrev  0x0000383b      0x329 src/ASF/xmega/drivers/adc/xmega_aau/adc_aau.o
 .debug_abbrev  0x00003b64       0xa7 src/ASF/common/utils/stdio/write.o
 .debug_abbrev  0x00003c0b       0x84 src/ASF/common/services/sleepmgr/xmega/sleepmgr.o
 .debug_abbrev  0x00003c8f      0x225 src/ASF/common/services/clock/xmega/sysclk.o
 .debug_abbrev  0x00003eb4       0x12 src/ASF/xmega/drivers/nvm/nvm_asm.o
 .debug_abbrev  0x00003ec6      0x3d0 src/main.o

.debug_line     0x00000000     0x3b76
 *(.debug_line .debug_line.* .debug_line_end)
 .debug_line    0x00000000      0x39d D:/AGH/Atmel/7.0/Packs/atmel/XMEGAA_DFP/1.2.141/gcc/dev/atxmega256a3bu/avrxmega6/crtatxmega256a3bu.o
 .debug_line    0x0000039d      0x379 src/ASF/common/utils/stdio/read.o
 .debug_line    0x00000716      0x769 src/ASF/xmega/drivers/adc/adc.o
 .debug_line    0x00000e7f      0xbf1 src/ASF/xmega/drivers/usart/usart.o
 .debug_line    0x00001a70      0x919 src/ASF/xmega/drivers/adc/xmega_aau/adc_aau.o
 .debug_line    0x00002389      0x380 src/ASF/common/utils/stdio/write.o
 .debug_line    0x00002709      0x3fc src/ASF/common/services/sleepmgr/xmega/sleepmgr.o
 .debug_line    0x00002b05      0x5d4 src/ASF/common/services/clock/xmega/sysclk.o
 .debug_line    0x000030d9      0x11f src/ASF/xmega/drivers/nvm/nvm_asm.o
 .debug_line    0x000031f8      0x97e src/main.o

.debug_frame    0x00000000      0x730
 *(.debug_frame)
 .debug_frame   0x00000000       0x34 src/ASF/common/utils/stdio/read.o
 .debug_frame   0x00000034       0xbc src/ASF/xmega/drivers/adc/adc.o
 .debug_frame   0x000000f0      0x144 src/ASF/xmega/drivers/usart/usart.o
 .debug_frame   0x00000234      0x3e4 src/ASF/xmega/drivers/adc/xmega_aau/adc_aau.o
 .debug_frame   0x00000618       0x24 src/ASF/common/utils/stdio/write.o
 .debug_frame   0x0000063c       0x94 src/ASF/common/services/clock/xmega/sysclk.o
 .debug_frame   0x000006d0       0x60 src/main.o

.debug_str      0x00000000    0x2fcac
 *(.debug_str)
 .debug_str     0x00000000     0x21e4 D:/AGH/Atmel/7.0/Packs/atmel/XMEGAA_DFP/1.2.141/gcc/dev/atxmega256a3bu/avrxmega6/crtatxmega256a3bu.o
 .debug_str     0x000021e4    0x28e25 src/ASF/common/utils/stdio/read.o
                              0x2946a (size before relaxing)
 .debug_str     0x0002b009     0x2124 src/ASF/xmega/drivers/adc/adc.o
                              0x2b5c6 (size before relaxing)
 .debug_str     0x0002d12d      0xee0 src/ASF/xmega/drivers/usart/usart.o
                              0x2b9be (size before relaxing)
 .debug_str     0x0002e00d      0x5c4 src/ASF/xmega/drivers/adc/xmega_aau/adc_aau.o
                              0x2b859 (size before relaxing)
 .debug_str     0x0002e5d1       0x35 src/ASF/common/utils/stdio/write.o
                              0x2946c (size before relaxing)
 .debug_str     0x0002e606       0x35 src/ASF/common/services/sleepmgr/xmega/sleepmgr.o
                              0x2980f (size before relaxing)
 .debug_str     0x0002e63b      0x232 src/ASF/common/services/clock/xmega/sysclk.o
                              0x2ac54 (size before relaxing)
 .debug_str     0x0002e86d     0x143f src/main.o
                              0x2d1db (size before relaxing)

.debug_loc      0x00000000     0x25a9
 *(.debug_loc)
 .debug_loc     0x00000000       0x6e src/ASF/common/utils/stdio/read.o
 .debug_loc     0x0000006e      0x2b3 src/ASF/xmega/drivers/adc/adc.o
 .debug_loc     0x00000321      0xe1f src/ASF/xmega/drivers/usart/usart.o
 .debug_loc     0x00001140      0xd3c src/ASF/xmega/drivers/adc/xmega_aau/adc_aau.o
 .debug_loc     0x00001e7c       0x52 src/ASF/common/utils/stdio/write.o
 .debug_loc     0x00001ece      0x2c5 src/ASF/common/services/clock/xmega/sysclk.o
 .debug_loc     0x00002193      0x416 src/main.o

.debug_macinfo
 *(.debug_macinfo)

.debug_weaknames
 *(.debug_weaknames)

.debug_funcnames
 *(.debug_funcnames)

.debug_typenames
 *(.debug_typenames)

.debug_varnames
 *(.debug_varnames)

.debug_pubtypes
 *(.debug_pubtypes)

.debug_ranges   0x00000000      0x1f8
 *(.debug_ranges)
 .debug_ranges  0x00000000       0x10 src/ASF/common/utils/stdio/read.o
 .debug_ranges  0x00000010       0x38 src/ASF/xmega/drivers/adc/adc.o
 .debug_ranges  0x00000048       0x80 src/ASF/xmega/drivers/usart/usart.o
 .debug_ranges  0x000000c8       0x68 src/ASF/xmega/drivers/adc/xmega_aau/adc_aau.o
 .debug_ranges  0x00000130       0x10 src/ASF/common/utils/stdio/write.o
 .debug_ranges  0x00000140       0x30 src/ASF/common/services/clock/xmega/sysclk.o
 .debug_ranges  0x00000170       0x20 src/ASF/xmega/drivers/nvm/nvm_asm.o
 .debug_ranges  0x00000190       0x68 src/main.o

.debug_macro    0x00000000     0xa67e
 *(.debug_macro)
 .debug_macro   0x00000000      0x16d src/ASF/common/utils/stdio/read.o
 .debug_macro   0x0000016d      0xa8a src/ASF/common/utils/stdio/read.o
 .debug_macro   0x00000bf7       0x10 src/ASF/common/utils/stdio/read.o
 .debug_macro   0x00000c07      0x1c9 src/ASF/common/utils/stdio/read.o
 .debug_macro   0x00000dd0      0x2fc src/ASF/common/utils/stdio/read.o
 .debug_macro   0x000010cc       0x9e src/ASF/common/utils/stdio/read.o
 .debug_macro   0x0000116a     0x62b7 src/ASF/common/utils/stdio/read.o
 .debug_macro   0x00007421       0x9a src/ASF/common/utils/stdio/read.o
 .debug_macro   0x000074bb       0xf1 src/ASF/common/utils/stdio/read.o
 .debug_macro   0x000075ac       0x34 src/ASF/common/utils/stdio/read.o
 .debug_macro   0x000075e0       0x16 src/ASF/common/utils/stdio/read.o
 .debug_macro   0x000075f6       0x18 src/ASF/common/utils/stdio/read.o
 .debug_macro   0x0000760e       0x5e src/ASF/common/utils/stdio/read.o
 .debug_macro   0x0000766c       0x10 src/ASF/common/utils/stdio/read.o
 .debug_macro   0x0000767c       0x22 src/ASF/common/utils/stdio/read.o
 .debug_macro   0x0000769e      0x16d src/ASF/common/utils/stdio/read.o
 .debug_macro   0x0000780b       0x1c src/ASF/common/utils/stdio/read.o
 .debug_macro   0x00007827       0x35 src/ASF/common/utils/stdio/read.o
 .debug_macro   0x0000785c       0x66 src/ASF/common/utils/stdio/read.o
 .debug_macro   0x000078c2      0x71d src/ASF/common/utils/stdio/read.o
 .debug_macro   0x00007fdf       0x96 src/ASF/common/utils/stdio/read.o
 .debug_macro   0x00008075       0x17 src/ASF/common/utils/stdio/read.o
 .debug_macro   0x0000808c      0x250 src/ASF/common/utils/stdio/read.o
 .debug_macro   0x000082dc       0x76 src/ASF/common/utils/stdio/read.o
 .debug_macro   0x00008352       0x16 src/ASF/common/utils/stdio/read.o
 .debug_macro   0x00008368      0x6d9 src/ASF/common/utils/stdio/read.o
 .debug_macro   0x00008a41       0x10 src/ASF/common/utils/stdio/read.o
 .debug_macro   0x00008a51      0x175 src/ASF/common/utils/stdio/read.o
 .debug_macro   0x00008bc6       0x40 src/ASF/common/utils/stdio/read.o
 .debug_macro   0x00008c06       0x69 src/ASF/common/utils/stdio/read.o
 .debug_macro   0x00008c6f       0x31 src/ASF/common/utils/stdio/read.o
 .debug_macro   0x00008ca0       0xe4 src/ASF/common/utils/stdio/read.o
 .debug_macro   0x00008d84      0x23a src/ASF/xmega/drivers/adc/adc.o
 .debug_macro   0x00008fbe       0x10 src/ASF/xmega/drivers/adc/adc.o
 .debug_macro   0x00008fce       0x20 src/ASF/xmega/drivers/adc/adc.o
 .debug_macro   0x00008fee       0x10 src/ASF/xmega/drivers/adc/adc.o
 .debug_macro   0x00008ffe       0x42 src/ASF/xmega/drivers/adc/adc.o
 .debug_macro   0x00009040       0x22 src/ASF/xmega/drivers/adc/adc.o
 .debug_macro   0x00009062      0x2df src/ASF/xmega/drivers/adc/adc.o
 .debug_macro   0x00009341       0x64 src/ASF/xmega/drivers/adc/adc.o
 .debug_macro   0x000093a5       0x2f src/ASF/xmega/drivers/adc/adc.o
 .debug_macro   0x000093d4      0x15b src/ASF/xmega/drivers/adc/adc.o
 .debug_macro   0x0000952f       0xe3 src/ASF/xmega/drivers/adc/adc.o
 .debug_macro   0x00009612      0x219 src/ASF/xmega/drivers/usart/usart.o
 .debug_macro   0x0000982b      0x302 src/ASF/xmega/drivers/usart/usart.o
 .debug_macro   0x00009b2d       0x34 src/ASF/xmega/drivers/usart/usart.o
 .debug_macro   0x00009b61       0x82 src/ASF/xmega/drivers/usart/usart.o
 .debug_macro   0x00009be3      0x23a src/ASF/xmega/drivers/adc/xmega_aau/adc_aau.o
 .debug_macro   0x00009e1d      0x16d src/ASF/common/utils/stdio/write.o
 .debug_macro   0x00009f8a      0x1a3 src/ASF/common/services/sleepmgr/xmega/sleepmgr.o
 .debug_macro   0x0000a12d      0x1e6 src/ASF/common/services/clock/xmega/sysclk.o
 .debug_macro   0x0000a313       0x26 src/ASF/common/services/clock/xmega/sysclk.o
 .debug_macro   0x0000a339      0x345 src/main.o
OUTPUT(ADC.elf elf32-avr)
LOAD linker stubs
