<html>
<body>
<pre>
<h1>µVision Build Log</h1>
<h2>Project:</h2>
C:\Users\malas\OneDrive\Pulpit\WZPSW\mtm_wzpsw\RTOS\RTOS.uvproj
Project File Date:  04/11/2021

<h2>Output:</h2>
Rebuild target 'Target 1'
assembling Startup.s...
compiling main.c...
led.h(2): warning:  #1-D: last line of file ends without a newline
main.c(12): warning:  #223-D: function "Led_Init" declared implicitly
main.c(16): warning:  #223-D: function "Led_Toggle" declared implicitly
main.c(19): warning:  #1-D: last line of file ends without a newline
compiling led.c...
led.h(2): warning:  #1-D: last line of file ends without a newline
linking...
.\RTOS.axf: Error: L6218E: Undefined symbol Led_Init (referred from main.o).
.\RTOS.axf: Error: L6218E: Undefined symbol Led_Toggle (referred from main.o).
".\RTOS.axf" - 2 Errors, 5 Warning(s).
Target not created
Rebuild target 'Target 1'
assembling Startup.s...
compiling main.c...
led.h(2): warning:  #1-D: last line of file ends without a newline
main.c(19): warning:  #1-D: last line of file ends without a newline
compiling led.c...
led.h(2): warning:  #1-D: last line of file ends without a newline
linking...
Program Size: Code=640 RO-data=16 RW-data=0 ZI-data=1256  
".\RTOS.axf" - 0 Errors, 3 Warning(s).
Rebuild target 'Target 1'
assembling Startup.s...
compiling main.c...
compiling led.c...
linking...
Program Size: Code=640 RO-data=16 RW-data=0 ZI-data=1256  
".\RTOS.axf" - 0 Errors, 0 Warning(s).
Rebuild target 'Target 1'
assembling Startup.s...
compiling main.c...
compiling led.c...
linking...
Program Size: Code=660 RO-data=16 RW-data=0 ZI-data=1256  
".\RTOS.axf" - 0 Errors, 0 Warning(s).
Rebuild target 'Target 1'
assembling Startup.s...
compiling main.c...
compiling led.c...
linking...
Program Size: Code=756 RO-data=16 RW-data=0 ZI-data=1256  
".\RTOS.axf" - 0 Errors, 0 Warning(s).
Rebuild target 'Target 1'
assembling Startup.s...
compiling main.c...
compiling led.c...
linking...
Program Size: Code=756 RO-data=16 RW-data=0 ZI-data=1256  
".\RTOS.axf" - 0 Errors, 0 Warning(s).
Rebuild target 'Target 1'
assembling Startup.s...
compiling main.c...
main.c(2): error:  #5: cannot open source input file "FreeRTOS.h": No such file or directory
compiling led.c...
".\RTOS.axf" - 1 Errors, 0 Warning(s).
Target not created
Rebuild target 'Target 1'
assembling Startup.s...
compiling main.c...
main.c(2): error:  #5: cannot open source input file "FreeRTOS.h": No such file or directory
compiling led.c...
".\RTOS.axf" - 1 Errors, 0 Warning(s).
Target not created
Build target 'Target 1'
compiling main.c...
main.c(2): error:  #5: cannot open source input file "FreeRTOS.h": No such file or directory
compiling led.c...
".\RTOS.axf" - 1 Errors, 0 Warning(s).
Target not created
Rebuild target 'Target 1'
assembling Startup.s...
compiling main.c...
..\FreeRTOSv202012.00\FreeRTOSv202012.00\FreeRTOS\Source\include\FreeRTOS.h(57): error:  #5: cannot open source input file "FreeRTOSConfig.h": No such file or directory
compiling led.c...
".\RTOS.axf" - 1 Errors, 0 Warning(s).
Target not created
